// Jest Snapshot v1, https://goo.gl/fbAQLP

exports[`loader should work: assets 1`] = `
[
  "b6b33f1d72a9ab7505492869460d212f.png",
  "main.bundle.js",
]
`;

exports[`loader should work: errors 1`] = `[]`;

exports[`loader should work: result 1`] = `"b6b33f1d72a9ab7505492869460d212f.png"`;

exports[`loader should work: warnings 1`] = `[]`;

exports[`loader with limit: assets 1`] = `
[
  "main.bundle.js",
]
`;

exports[`loader with limit: errors 1`] = `[]`;

exports[`loader with limit: result 1`] = `"data:image/png;base64,iVBORw0KGgoAAAANSUhEUgAAAIsAAACLCAIAAADee/2oAABjmklEQVR4nOy9B5hkV3koeOKNlatz90xPT+oZzYw0SqMwSiggkAwCHsbCAiMDRmAwPIe3uw9j8NretfE++znHtVnvyiB4sLaxQUKEFaA4CqMJ0uTcubq68k0n7XfO7e5pjaY1ai1gwdv/u191ddW9t849//lzOES+MAJWAlDwZb6A5/1YxYP6D+ro96S1+F7CxHxN9at0zXsbAECkXHJPZc5XAEIpYvMJ06cjrpQCQH9LaF1/DPR9pLmDkgQAEMfc831AbcA5ZywMQ4SQn8+3ZhXGmNizEEKM2/r2zJVSIrEaACCkY8apv1X2pH4vzCcA61dIzhkaMYNF0jy7TL/trGg+gZCv/D38YWOI05r+I21wFhOWeRXmKjPvBmcA6feYAKWUkungLIMgrG8uiVIKKvMqocGQPlMgX1+VThiQZjb1CLGFFOedoCWlzOWzgFIRhowx4GGEEFJIv+cKIWQhBPX9zXhU+uPUYN3gG0Xmvunso8XnQmaI0PwWUursA8tkRfMp5QUwRFZ0O7A8Jl711VA/l56Kcz5cvLPS/8J0rhZOWnK2+VYDUPpMaa5KL11yumrMzeXz+Uw+z6IoCkPZ6UAIHccJZYIQSu8DEcQYQ4SAlMDccP7+av4m/1+edCUT8kpAlq6LVwMKipWdL4tmIPoqhCPz3vAWZaZJUkNOBcNt9HKR2E+XsaYVcwduJkxJbp5HnaUYjR0orcTQTUpSQimFFFJKYavIpA1DDwLgkAIQgiVIhbgpD9m2bRH9uzbRHA+IZsK4ZfGUOg3XMgs35W9QjxO/5JGWUJL5dp4TpK8rXPRQXmAdrJyGVggvoY9lBrP0nAXSgeeckDBmTtNYUVAtvk+5REpyWhJp7OqXTK4Yh2HQahFCXOJyzhF0ke/nUZ5SKrkIw1CwmBBiGam2SDGLb9JRrZiOVspjLnT6ijEEIT7v58vxBJz06D+Gm0PUMO9DYFQF/SqMZBI582okijUNNAlhAIGEFoRQAP0qbb2ihZHVYn4W9PoV6SNCpoCCKtGvmlupyqzI5fqLg0OcsaMHKi++eNSxSlu2dHHrynw+73izCQ+FOIwBFsQGEMDEAwvSHgG9GiAOFjEEjYaSyp75SUslKzKajpFGEsFUrVnhhF7g+x8RDV1g2EqBpWIkFUQApAIDQS3JM7lsqk0ppfj8gtDfxkbjUOZ8TVxKpdpRzsvUajXWnunu7h4cHHzhhRceeuj4Aw8cv+FN/aOjo6Ob/UwmA0FeCAEFY4wpwznhkjGnb34kwuiVAMoXNqzoAqWWlUMwFeALUnseWN2IZFd/LrL6emFLKSFEWgYQYfhLpGUAMnqRyEHNhdw4jmPR3Wq1dr9Q37dvH7Y3IYQSMKCUinhRX4U8jLHlzhFCHE96nlco8GKxWCoqz/NcV2CMsxk/CALFQV9f39NPPvc7v/OFIwdBsQguu6z71ltvvW5nb7FYjFsn6vV61tGUOjc7tXfv3uuvv7JcLjeaU0opap3gnGc8fbewPa3VDeoLxjAsgAULQeHYiKfwXL1u6bwto7PBC62AHxiGlNGs5pG0BEE4tQ+kpf/hGfOtByHkXOgVio1lA2OtAWP9CeBZbf1IH2Gs0ECj0dj1fGXPnj1ffzhqNkGlAZgAEANKAVeQc6WQRj2xACHAdfWR8YFlgQ0bgOPAizZvWr9+fdbL9fX1uVZmbGzsf/mth0+dOlOpAN8Hl10Krr9+3S3Xb147Olo9c6pQKISdxl/91X+DEPzCL9ypQEAIkeqgxhMOjB7RopQS7CrGoMq9bjG0zAgWVdWXfoJFVU9hKj+AkTowqyW/0naiUEa6GMsjtTk83I0QkiBj8NdNCOnI7iRJJmat55577l+/uWf37t2TVS6lVNATQliyy/xabH5dq9SUauPUc1GtxmwHlEq+he2+vr5rr73u8ssvP3r08Ne//vXnnz5AKfIpppTuvLr/zW9+8y23DjSbTc8P5ubmPvzB+zdtAr/5qc/Gcex738JaJZ+AEHpWRWscIrYsC7KM/llj4UqsV63AGkNUsvPPz4XsnuUAqhc3ruiCV8bQWcGzeFoyo8UJogAhqRxtY0rPWJoZxhiXNiEEEt9oaBRCOHas1mw2J6baExMTY1NJGAJpd/u+P11zs9ksw/1TU1N7D06eOXMm4dS2bRQVDGs1qxi0NPNDoR6C0nINE01PioMg0lIrm8WjoxuSJOnU40ajwTpa7/cdgDF4+zvK73nPe9ZvKIyNjX35ga//679OZl3w27/9idGNB/VDRMeUUqVcSwjBw5bjOCvFEFihQDs7n+qF0RVdKcEy1HoOYhY+gdIztKKfgRONgwj4RmlarT+R6znnp8fsvXv3Pv30qVOnTo2dZK1WKwiFRqtlK6VioaSU1PWCIEiUsi07Xyrath3EUbvdjoNYyzlkvDLS6JlK/0qp2CuEaLcSxplnaYpMEq2dR/Cgm8FUdHU6HaycjJOxSD0IgmI56elxPvaxn73tttuee+bIf/7Pnx47CXbsuOg3fuWy4eFhzznWbDZz/mHf94mYlFISYZnntVMvlMGT5ud0GTG93MpezhpdPP8HpssZtUelr2fRAyGgFDFmVANICNHSXhiPC1b79+9/5Hvf3LOncuQYqFZBFAGE9ICE0G8oxQBjbe4IIaXknLuu6xIqpazVakmSGA0OwtRjloLR4FOXwMzstFHNLGoU4iRJhIIOdXp6CrOz9TBqZv0s4W4zarqw093dXalOJEn0W7/192fOnHnfez928cWbT544sGfPi3/+5y++5z1vuf22Acuy2o39SqmCe2FHwHnnZ2UXvGYMQbgc1hcVhKVjgozHUkmuyhjhIFhVrVYPn/Smp6f/4fNfnZnpjM0CqYAk3fpk4hNCqmIMuRbBWOMgSgCElu1ZWavTbMk4BkDbVQQpCyMgNSA31dS16apSSoIcIpRxHP0t0pYN41OxiiEGwnFm5hR0ssQCLdbEoGllLc6t4zNTWScHaCZk8nd+77vVxsYrd/78d3f9/tzc3CPfk5Qccxyybds2yxnudDoEtDzPF6mFlHoC5/25hr8JutIpfWXAv/nRrpVdsfxSWNTfln4Yxqm/R1szlarcu3fv17/x3IMPHvOyWc5DprKu61CnBACIYhmzGBotWdODlEhb/JYSMjJeNWpZjm0TTJTkXPB0lSmkpFRCc0ItjfVh1lAcBIyxhCVJFHHGiYUJJXGYAMcFSSK5IJZlE6ppi3FKKY9ZGIaWpWXbk08+ns1m88XcyZMnR/vxnj3T09MHR0a6N6zDhm/PWpalKV1PBlr0hCmDISLPb9GveDqXyKEty1x6/mtj2jCegm6lFDGv8/qiVRdCxKCNEFJ2BmMcM4cx1gm2ag3V7qOUNsLi2NjY/kOd8fHxQ8ebjUZjZjZoNBpBnMRxHEVBHMcAnf93U+t10aX9cifNec9/9WAITptohBBKqWVZhBCMcac6nSRJl+NeffXVn/lMYWBgQARf08/eXJvL5drBEa2R+y9kisXqeMGyLI9NGX8u0DoF53ph2fqG8z5sZZiWkV4wxSWuLzee9M2KudxZx/CC6ZPOqJCSOA6CIooiIYTnecTy2+326tWrp6en9+7du3v37qf3VE6daszU9PprRYQxHjLjNcB6OvRjE8LlshbxInpWOuZXA+mzpAIvfcUY69UmpWVZ9SDct2/fF784e/fd79g82jc7OVkYHKyePv3EUy9eddW6YtkJm81CYQ1jDGMHMCaksCzLzmh9j0WdZrOZMe9fA5CVevoIN75qo7cAbxooxVGQ2jS1Vkuo4e7uPoAvbbRazbqWLn/3+ceOHDmye+/RiQkQcq3XBlwrBcShChNsJIcAIpKJEgwoBcHK/H7LwUrPT1lreqEWaUoJYSxoUvY8L4zCqab3wD/Ndg2qNUO3tsPpLnrlww/f/+yzYMO6dcVeHLVaCnKlQOBF2MZIFTgAPKb6Jgpgy+fpjKGmYVyGvo1fnwj7lQf22nW5NMp5luFA0NXXF3ZylUoFW3NSyu985ztf/OKuPYeBlIArkBpFGAOX2p4H55ocGTBRBrNKENLMd3nD7uWc7QdIT+fcKuUQCCFoMGdhy/f9SgV861vfuuVqr7+//6nHHv/nf/5eby/IZrPEtouO05ziuUKhHiaUUoo0ghnTLMfzPOi6SbCy2Oui7rdyXY65eh5pS1MP0RZigqjxkq2vzQWE3GDnycPfbP/t3/7ts7tD38X1WHN2RPUPRYlgHSbmA6jG4zEfWTERBKx1cRmdP0Z5DlZ+4LxOiHnumuLGWL569XBrNuRKihznGNjg0X2tbz8rr7tu5O++8r0nD4J3bXScwsWt1nEIYRBXYVvaXT2c84g5gACMfSFEtR0kc81irphah8YzlHrHUw/L7CsPbHkut9wUGAm2KMcW7Z7K7OzIyMipUxo3X3iAtVog4+lxOI4TRVHCtJaMqeM4TqIXF/PzOcNJOOdciGSeufzgpn6l91m05OYtK2PAaZmPOMAIABV2OuUSaDTAww8/fOLEie9+dxdCIJ/PF4vFeoszxvoGB4NWq1Kp2Lbt21nbtin0zVA0VsL25ErHk755hRjrMk9oHkPKnLEz+jRlyA0Qwp7uN33xgX/7u//j0d27WQJLmWymI0Sr0+LAt2nJtSDnPIzrMZOQANfPBp228UUaXRxqmZw6xhOwjNfkJUP4wSsLKcWcoyUqw3UJlpIiQlCisoCGjzxT/f7uWhSCnJdTpUubdH1dXEJtKojfYDNl5xNCiM7ckePT09Xqk0mS5HKzuVxu3ZqsidWaOBk0+hud1q/8AhrEa5RDcAkgoCf3D/7gD7773Wee3Q88C7l+vtVqRZzns/mI21qT7oQYYsfzEEKMB2Gngy2UrtPF2TEG6IXdiz+a9IGzqxgBzjUTpK7barb8jJ9EXCnZnS+3223Lso4dO3bs8DOu637t6IFKJZo6/e1Go9Foaq1h9Wpw2WV4587+devWiWRlNHR2GOrQ9hVdoCILABAI23XdtlplWdapyZEvfelLf/G/HxRCBLwPQsgtrhcHnOWcg8RwW5Dad7HBh6GSRWGk+WyaW6OXS5L6QP/dA2cLkAVdJoaaU0AlRh+T2EjKxPN8v5DTegEWp6MogpGWAH2kWG/VV69Rd911ydt+mvT19RGpZ4YwKYRATD8pJbFWi+CcFAKR4isPYMU0lCQJIcR13fHx8Vz/EELo/vvv//KX97ZDgAASQCig4tBEShxtSSQMnlekLcSxjXW1YFnDC8aE/10hdTzqxzHkFcdxvd4wfoRIKWBLPe3VsHbzdTf9zHv6tm/f7ua+XavVPNLJZDIqiRFCqdknjcGFqUSUXjARgizNXHk1YPlawsfSWzV6+YET4h/+4c+/8hCohaBnTZFSqmgeQhgzt91utzo8DqN5N56hGDyfoqMfEKVei/l8HpMTAtRrSNz4YQOel4tzCigBIqCAQma0XiKkDJhRnVQGINQBLlLo1ms622/rWXtFBuRmWvyMcASgUVtEWVIwz17UKI7zIkkgL2PbBmTmlQewYhoyGZwM2IqH4Xe+8+T+/eAd79ixbdu2SnPgyJEjTzx74siRI51W3QQ+hcZDmrj4MkI6R4U0QnnernpdgUlNgeplS8eEGY2ahTGBJhLBoRDi6aebvb27128c2LBhQ6nkEEJIUmu32zmjK4EkwRhDjC3LglC9mqARlIcuW9GIYW64Xa06uYuPHz8+Vlu9adOm49PZ/fv3f+p//ctOJ4oCveoyrmfbNhQqSZJmJ0hjvUoBZDxRWrMwHxieph9ToNRDbAhN4teVHHLovMBUSnNwYB4gDRpLCYThbAi52nLgSHHuEkYI6esSW7ZsueOmniuvvHLDqlmNJ7EvjmMVn9B8yJKUUiC1EYZNnOkVYMUYasWelDKSqz3PA/61e/fu/S9/+c1vfONAjPVYUwoQiSGd9HmIieOk5CFegiHztbGuTArT6xlD6WiWYghRIIRR8/SDESOftOXenSWMMRFHjIEsBhddBH7uXdk77rij4J6wLAup8UQL6ciyLKAgSxJq8gBeAVaMoekW7OvvrzU2IYS++NXw937vT8/MeeVieaYVEUIwTbTGnGh9zCGWZVmzocnbFkYcCbpEHVCLHntAjHZkxBSMXl8YArZZ48aWxsZ2IcZzSGkgpWSCG+7gIIgg0fIpFgxYVokMUUpRs8U4GyicLpfdj/9S+aKLLtowOsU5j4JZjLEFC4wxV13AG7RiOZTL5ZqNRrvd/tznPvfHfxNLCXzXbzabClAWxywJAITY+HVCFgZhAJYh4hRPajHbVB8ryzf+94KUPycsWfqJUAKY7CXouUrKZqsJACgA6DoupSAMw/vvH3vLWxqlrlwmk+GG9JCFbNsG0QUwBPmxbUbKdS9+RJC2dXkYkmIxmECWZZFSb7vZFF5HSknIpw8ePPiXf/Olr33tKY4AIbje1rZRMxSLdQcAhmbazSdyZbrijz9gi1oURgCAHVtLP/MzP7PjElitVtf0TXLOy7kp3/exqAkh7NSJjy/ALZadPkJpUq06jkMonZmacl230+kUCoXx8fF//Md//MY3nkIIZLOZKBICiJWGy36CASOcMxAnYu/eyqOPPpokya23397T0zM8PNzd3Z26KrxsFnue1ooveMPPfHQ9lLbCEUAJQBFAMVCuAjYk+UYt8kpdXPI2c6mdgWRTp5P7s796+t++/r2ZOnA80I5EzJTlZIQSTEijD0ijGIjFjI7Xnfr8Q4ZiqVCtVuKAlIv9kMl9B8Znxo56Tu/oZqvViZLkILEhISwIWyqGjpdR6gL1RsvLISkdxwFKhWHY1TUQBEG2nP385z//pS+NBQEol7TgqDYFJcC27XqjDuAFIlH/nUC9XrdsGyao1WplEcQAP/VU7fTpP+LJ8I4dO7qHB+NaLepEnuchYXdaLde7YP2QiVgAmvr1jH4leo1LA9mu3+zEEjkB63GyzlNPu3/3ubFKU2vVLMSEEDsDGWP1TlXhBd3LVMOkMcQFje11o5X9SEBCRl0qRCHgEQHljJcZGpweGRn5/H97LOSF2xxFqU0tNxaAcmS7eQCar3zDZeUHQggTIoQoFIv1eh0h9MADD+zfDygFvk85F81WnIb0pRCu6/4QHvbHEhzX7rQDIUQ5X7apXQtqjLHe3t7rrx8UQhw+fDgIAi+bZYw1m03iuvBCQNLq0bRidN5JZmqAiWUrICDtB1YZWWu/9o1nH/r2JAMgSFziFZATJ6wJYo4wRhaQUKZXpc4cqNIqHGwMiWXqXn9CIerExKaea8Wsw5jmcuMzyQNf+fZ//cO3XHrppd2F3Y1GIwpnc6WeGE3PVmbLuQtwuWVpSCllMldwHAT9/f333//AzEwjk9FW6Fx9ToulTNbzfQihFCIyzuz/H7S9WMzzmDVadSkl1qq0SpIkCIJPf/r+Rx55BCFUKpU459VKJQzDXC53wRsiSFr6kMWzB+5A3Il4BdK2548krPjII2e+9z0QKhgpN0q0VQaRGycwiLjgppSdpGlgACoFF7KCIcDLJe78ZECaapLCYuZJGDCILYAaQTweozFBp0LAGFFhAP7kj79x8IUMj7fPzDgArC70FNpRc2ncPc0xOsefsiwNeZ4npWy32wCAb37zm0NDYHBgsN1pZzKZND9vPvUCIQAvXHL+kw1LA+dCiIXkJ7gYUkIICQGmp5PPfe5zYRiu3bCBMXbsyJF8Pr801+NssvsSIGkPiTTvJPXEQDRjbt2xbSi51Wg09uzff/w0aIOxocG+hDstyeKEAaAwgaY6GyuxqLLNx3teP361HyosXe/zJQVMIQAVFkoBgYXCQEGEMI5jkAiwa1f4xBOnbr0+KRWHe7smZ2dnu/zULbZ0vl6CoWVpSEoZBAEA4PHHH5+bm+vvA3fecfs999yTUuLSG72cMP97gMXcoHMycGXaCSMtFl0IAEEI77zzzqGhnpkZ8O1vf7vVatXrda0nFwrn0M3LyYgolWZtmU4HplsIFFkz/YzHcS7fzGWDa3eOvPnNbwaZm77whS9EnVnJEoJEKmmklFDiJUiXixUB8yGHn2jcLTKxxWRVrCWxVKangwBKCSghkgplCvSDH37vC7v+/slnjh4+Kq699trZ6Zmurq6lhT3pPc/hcvgznxgAC7VkaWcHaLDFBbNtOxHF9evXrxl902WXXfaFrzzxl3/5t4JrVgsgxBhrbArN4NDZkhW1xN8DTGz7JxMW5zHNx19UFkyMH0rz3Mp8lq7fk0de/Lmf+7l3vvXqubljih2/5tabUXyq2Wz6zrnVLC/D0Mc2atLBEUBMa2KQaxqSjkkJpTOtiWwOktyar37tC3/8p9+JwsDUykuoJE6DcEoigDFEUjNMNP8T86m9CkIlf0L9cksxlFZJLGBIAE1DGahsAAsIZEzVAWaM1ZtH3nTbwJvu2GmD40SGKpnr6u4DIjExGGSsUZPcpvUBNL/UwbLlWgBhHATB4OrVtVrt5MmTn//8t6rVahwLSkmKATFfQANf5wk6PwI4R+1e9HUtMkApZakEnnvu8DPPPBMEwUUXXaSUwhgnUbT0Juet0yPQ1K/AOOV1psuOVQUAtIGVOG7U2Jbrzn31H3c/+TRodGLXcYPYnANjrawoZvQ/riUSNllKaZGMotCU1EOtKQY/5PlZKR9dWaAEUc9YK2lBWfp40kRnbM552l8jCgVCynMzuVymWj3DpZIwxJQq2mTCNCyBoDVn27b96Pf3bN1yjVusE4fn/VWNWg15ar5ObAGM+FZpHRVUi77txWScBTS6rquphJADBw48/vjjjAFKqFH2CZhXUs6mqqiFt0t7pkjNDH/syWuhMmthchDCJseWJWnUQJNJykUWq470vCml8TfP9YEmLQDb7fbsrEwTDvVtTWXSBfvREQAclS5+OK8jSKT1CiE9BQClPY8/8Y1du05gDDCykiSRaXqVHhNaYG9yib49b1yb1De5mGL1YwzzHfoWHk+qhYwZo7UialKatYaVSACZ8NwiBGEQc01psm14jKOlMbKBAsePRRPjM5uG7SCIQ8EQukCizzzJv4QDLrwPw1ApFcfxrl27ogh4HnqpgQZTCUkpJQYWufA5HPknAzShLDzRfPmj+SQlnRQ451EUuQYsy0LG25Jq0srQ1vDw8MQEOHjwoGVZqVMmLSI7Lyz+NJEgY2plzuYXyLRvm8gTQg4fS55/jmV8V0k7TNqIYJNiqUznRASQrWlFKCGFZpP6KyYlxKa5pFLctFH48Q6QE5gGYpCZcWh6Qxh8CI0cNV+bZmFCIDQF0twG0mScKQZkYrCIleIQks2btz73xKFDh44ivJpgi6KUhZr5OQ+nWVKtn5aFLPZBSBFo2zaldNeuXWfOAJqn7XYbSIktC8y3dJsnlDQL1XxFhcHWYn3ha+6T8rqC1NYhBBNC5onGeFGCiAkhpECUUtfLO44jJYgNpFquWhDOCCFJSBiGnudt3AhmZupBu621cyDPOhFe/sNn+ylAy7SK4NrONJQkTH5eEvkIO088uUsBEERWmAjgKAGRRMbCUQQRSky3FwwVx5xSapqAKb2y9DlQIVPy+LpLsVrZukFSQtMykgsJCTaUpBmc52U0k5LQcZxsrstxnE4QR0xiKBBCAiougFRcKkUgwRhKntRqszfffMmePXuqc1P5fJ5FHUIunA03T0NLqSzFahAEGOMTJ04Ui2CiwRBEvu902u2FklMthGzbJoQoCtKydIN4IoRAaRW1ttTk8qXdPx4gNStTQqSZpxBjjInWDrycZzQiZFlWOg+cd4Ig6CqbashEm6icpetVIYQcx6nX6zt37pycnAzDsLe3l0Udy7LUhRYM4Wk/4oUOenpMQr/29g7u2bOn3QqlALlcoaenZ9+pF7WFKzUOV61ZI4Soz4WOa1NH88N8Pjs7O9tpp46OMEkSZTpWxG2xGPwQpv/L69nNatt2HMdpeXAQBEZHFYs2lNScm3PTwyNkXAnhZjQ+gnBqYGCgq7vUbNXPjB/t6elxXLcTSMAlwBIhxjmXiBw7fmC6Uv75D/ys6z7UalezFoCIp7Unasm0wLQZzoKhsqwYj6KIMRbHcRiCd73rXSxtM6otNNPNw7Yty3IWgFJaqVTm5ubq9Xqz2Wy1Wm0DrVaLGTDFquL1jJuUJXDOEUK2bYdhKNNspyWw1Itv3JKaeYRhmD6plDKXy2kz3gCE84aoNJ1SojhKksQkTnX5vu95XqoqXzAFmmCUGDXf5FIp49U2joFMwT11+kiUgF/6xNtrCWi2KgbbEADiewWLupwFEEgltZ7AY96ozQbttmSB0Dabxoc2WYWAC22sf5jT+wMAITil2Og4po+kEBhDQlC8RACkuf/p/5gAzqWSTCOAhfUapBhSqCDkUdziIAGQI2rqI0SS+pLjJJiensxmfdGGlFIenH9OXhbBWw6Usizr2ms3vv/977/jpz9Tr9eBWTXYcdLoeqfTabVaSZJACMMwBILL1FO3oOMJqIWT4q8v3CxnpNm2lS4jQnCaCmpZVrTEb3YW5mutF7q6EJKwJOh0KqqSmoNJkjDTgyYNEQHT+dh1aByzkydPas4Uho7jQHOtUuf7iSVYItDYQEiaimRTV65MV+zJ8cPXXntJ3/D6F1787tj4i0JGmOS5EBm3mHGLScTazU7UricRwUSyMIQYASW0za0kENpOgwIv9v5//YPrurVag5qujYwxhEzDM6GVg7MnLfhQ9PpjIZBCacWNEk1PUdBmAEIbYc3SOSOESJLm4BKEsEXdJG5PjAdhIJGyWYIsZZs2P8GC52Uxdne2NsT455a3aXv7+rZs2fLwww8LIYhp9o8QSlsShWGo15eR/umoVVpKs8Aj5jUCc8nZ2Mn5bOYfMcyXWbzsaDQaAIBSqRTHseu6q1atEkL5/vnyAM0FKQ0JzrVOlDYIX/RSGsLhnM/raeZ5jZtV1WogDMNsNpUm8x++0ii12gxjBGMtYxQC0gXShZJCSQt5GofVmcqR02f2JRHDEAit7BOkMBAw6gQiYZBAAASCHGAJMUOYYawg4EBqawhDaszp88TIX4cOIUrp29721re//e1CqHK5fN1116WeLIDg2QOmtWrzB6EYYillrFRsGnIziqQRZBQACwAKtFaMgaKCoySGEtBGDczNdlynyBnBMJOmh7ySkF6+nZ8WM5ZldTqdw4cVQqab2kLfKMaYJqC0MVGa9KMpZqGRptFdFhGjlsDCj77u0AMA2LRp06/+6q9++MMfdl27XC5fddVVjuO0Wi91PMOz1j+EILWEQOp5M0+nFQwlTPdqtHheOkupXdVug0qlopRKTEErpedrF3iOpiCNBELSdI+2TpuOqokhLh968YnDXdNjgJBcGLWcQiAEaNVPNGvHlZIES8m1vc2jlNEhY9WlGab8vLsZnNP4/FXCfCLsfG/6cy8+393MTg3YEkLYtsMYI8RKGW8+n681IqCk72nb0wb1OJaWAoUC+K+//v7RcmK78d1v3P7oY8++8crRb+645DvfeSKU3HXdKIZMMARzhBBIRRRHACZhJ0pNSGi66GPNhyTTPERAmCAEoLCVUAB19JxjxyG02YlnqlbAAyfnsCAkhABspe1gz0nsWLCGXrH8KomimZkZxozLAEDGgKEWudjf6/WQOH8eoWJe8vm8AiqKI1N1rbVb13W1sFGS2I4QotlqRpEmfUrBr/3ar4yOjhoNG99www3lcrler99xxx0Ya7unE4RMMM/xEEKp6W3RC0cNzoGFtEWQKoovb369HCCjbcwfcr5e01LKItRPGBwbG1MKcKEwsQQDJux01jXwo7Fy5rm+sbLVvChYcih6zpFeNTdXKeSyxXxWC9C4pViIFYMqdm3pkkTG7dU9echBKQvve//b33bn7V3FDJSxijs3Xbvj2iu3R625266/erDsYKRyGQcD6buWRSFQTAhxfu50NlPjpZ+YB1ASKgmlBFGUmL7pEGkxvqAopnrAeR5+QcsCC5v6LEK69Obm5lItLjWhMQaL6NHC5t+bgBajvS8/MMKWZbVaLSGE53iEkCAMKKZKqXanffWOy7du3aoUuP766z/+8Y8jhFqtFsY4juPu7u4777wzm83mcrlrrrmGc3nJJZeUiqUoilLEQAgXW52tYJwLNNTpdOa76r06ebwo0IQpnDNMVbn6kDaGXjvoAAQSIZlUQFAhvMUpWPFcvnZAJryeHkQf8OwBgGMOCwALAmIODAHOuk6nUSeSFTwqk7aNk5wNuvM2Tjrb1/V88pc/6KjmFZvzH37vO/O2sFXHEgHlHR8xSwSXbR4Z7slZsnnX7TuRBJdfvGnD2qEobGEooeIYQ8ZiddZz9lJIqeE8dqDJ41EgDBhGFlAYQpoGZ89eap5x/nkX7r8sDaXu6iRJOAfSeD6BMcxeb8k9y9lzacJsNus3my0hwe233759+/bKXHPjuoFPfvKTW7ZskVL+0i/90s6dO2dnZyml2Ww2CAKEUOpC1DY/hJdeeumqoZLv+zt27EBAixCpZCqNXus4QRRFadBhcfOkV4ZFGuL6SEE6QDqCAwSpAiEXwMLSpsp1i0BacAlKVzrKV/UkyxS+QoghxPN2ycJCM1weLx6paMKKY8U9qnwLRK1OxgIfvvftH/uFe0oZ2eWDj3/wp9/xpmtEa+Itt+x4+503gmg270IZ1QEPbMQBbxEQgriGeVNGc/1l9803X1ufPvWmW67bsnEV4CECDCiO0aJxmpYtLiWodGBLB5k+F0aQIAQ4F4RY6TZOeuFDtHi85J7zlLR8DbfZahGnHjbbth3HyWQyYIl3ALw+WlmhZYBziTF2HXDXXW/51Kc+hTF+9tnd//E/fuTd73732NhYLpe7++67WRyfOXPGNllNzUajWCym6lwul4MQdjodaFk33XTTzMzMFVdcsXnz5vQXhXiNte+LptHi5a9G1Zrn7EtpCEoLSsu2aKfd2rC+aFvAscOhQff2m24APH4NI1sRnM+RJ80GWWqgvxcI7js2xaCnq0iQApIBGVpEOESUcrYFIo9wn/D77r2bAhC3gw+97x2f+k8fKThibuLIJ+5798c/9LO8PVH2hQ07IJnjSaur5CftpkOQZ2ORBBQqmURQxkBEpbyTNCvbt45sGR0aO3no7W95I2OJjYBtU8bjBVfW/DQamjCmKjxbcDCf8WkYDlcJgJIxYFmUsVhKLgQTgi3lzAphhfA8t1iQO8uuhVarlclkfN/PZgHn4G1ve1vK2X/0kI6+WCyOj4/btu15nhCi1WpRA8ViMVWuzK4sor+//6//+q/Tph+/9mv3ffCDH/R9v9lsbt++/a677kqdbyuCXC63ZcuWbDY7MDBgEYAQiOM4bUL9GgBj4DiOWshfSDXkVwYkAZYAK7jYe95k8SgMeQiR2DDiIQlGBsHb77yUiJqHf+g0tMi+zVJKl6lm8+16xbNgOefG7VrBpy6RKOmUPNqpTYC4XvY5a80Mddm/8tH3/tTt15w+tvsjP//mD/3cfxheVcSyCZK5oq/WrOuT4SwCEQIRBAwChoBAQKRCROqpQBKCxSM1t3zCL9uyLmOrod58qZCBCgjOHOslUZtl9bqXPBWUUmACsjlXgQRAhojCRC217dIz5399QYNdloZ832edzsaNGzEGt956Y7lcppT+yFqPLC3VmOcSpuYiCALjDgilSdisNdo3Xn/NnXe8sdZMlAK/+Iu/eO+99+7bt++ee+756Ec/WiwWx06dSkOl1Wo1rtV831/pSMIwLJVKaVB1cHBQiNcoexFCaVCjUCikUQJgrKILX5jKoQW8mbQfoaBQji15VBvslTdcC976pu2Ij5Fk1v5RpIWc1X/QfIUfIABkHdyVz0adqL8rN1RyYRRbIPmpW6/5zP/0ISIqRRf89qfve9/P/lTcnsha7D/81BvyvgxbE1lHZGxuY+ZZ+nF8DyrIFw8BgTmQgIhDzCEW8wc0h/5Wxi0LMgKZZJ2R1f0QAMehnCcLjhijts17BF7uFzDnGPUUE8VlhAkolbMQCYRNhqp8SfhunpIMSS5g5KVeipfU/C1sfHD33Xdu3LiRUhqG4YX2sP5BwpLqTmDyJkS73R7dMPSGN7zBcRxCwBvecOPv/u7vrl279siRI5/4xL0f+MAH0nyagYGBarWaRrA0JzDZFql6JpKVbQmdRiWwAQCA2X4SmDLeFRvs0LRkdF3Q09OzONWvxh4iaXL9gv94yR1VggCnuH3l5es5bmKMPTuxfgRczlTRLDgWpemFBlIZi6D6xIfvk1J+9Uv/951vvuk/fuLjwwM90+P7f/lj77/lljdUp44Xsl5X3pqrTPT09EiT48FjzuMIIoksAIGIwjY0/eLUfKYnSnusmh9G5yxYaAJwCAoEpWKxS3GzWUdQyyGLYi7kigoMpeRI6x2gp6cLQMFFDBDFeH7j5lfYr3D5KSckSZI02SWOY8ZYPp9/FQl4P0hY6rnK5ZzPfOY33ve+9x06dOi226777Gc/u2bNmrRB/Dvf+U4hxNDQkCkumPU8L21h4DhOasmlSTm2/Vo6DzGzAVkQBISQSqViZoMt4zl9JZBS22eep5VDk8jN0xyHC15IkMzrv7hpuKbZu9Jpm5R/KC03gKekK1Wn6GV9x8ojE5T1fT8dMZdMY9F3oyBIy5mUqXhAxAS1GEAYUOKZ3DnpmmZdnDFqWYwx33M6nc7IyMjMzEyn00kj0M1mk1I7SZJyIdNsNt+w88pqtTp25Jhlgd/8T/fdc89bJg89ceVo9+V339LjRo3qWJdtM9SK260y8djsTI/pxytVBGIJLSh42FYCYEBohklgJTkXQYGrxvnL9XhJ6gaVnHPH1Q8lFHRdV0ESRVG607sUVGC/u889ceLETTu3zU0fOXxKkiTyFMhm7VpgemZCTynlFno77TbhOb0gvEOmMWWopzYYhhBa/KQDyR3XumW8tzExlc9kAM02W3MFtByyL7T/UOpTEAvRIIRQuVyWUnPhOI4TlriuS5GmsyRJ0vQExbm20EiacooAlkKINIwPjSbDF9qppQU0PT09J06cAAD09fVVKpVms6mUchxHCDE317j33vd+5APv/fCHPywl+KM/+sPbb7paKVUsFu+66y7LtWozM0G7ncvlluvQlma+pck3BBD9OIAApWrNZkpbSqkoiU1PQ+o4ThzHZlQgiiIFCSEkdUsS4rbbbYhZqVS64YYbOOfffWLP5OTkmemoVo8VxdlsNkhIEoWdTgcTgqU2EpTWe5FAUqaGmmA2wISQVCXW8szMWCaTAap9ARpacCWkdUzobFceJSxsBSLSzylbBHojq7MEAmz8hgRBKZji2o7S2g8giGLDEAAW+jkVhJblJnGoJE8xZuhaUzqCCiKIoPJcu7urFIZh2KqvXT3IGKvVakGtWiw4n/7t3/jIRz7yT1+6P0P5//X3/9vVV18pktbE9HQp63ilUqs6CYHo6yvFcQtgnnakMnvup4vLvLfMJCCglEiE2Sox1kvNzWplt5OY0iziY9POK4gltTJEM3YeBwGmlu/llALNZrMr581MTz/yvW899thjXr7rtttue/8HtCz8m3/40sMPP/z8gUkmA6gcDLhgAiuLaBnDRSsRWqkAhGLXMnmJTORyeNVIScCm7aAgCKIOdlz3gnnty9JQuqOW4klqNUopBwcHXReMt4I0TTkIAqkkgvN92E15Bowj0wqIJUApSqmScrGeKP0k3UpFKWW59uTkZKFQkFIO9Pe9+93vfuihh86MTe686pJ777339ptvmJiYIIR86EMfuvXOOydOnOjKu93d3RkbRUHQarW6urpwJtMYH6fZ849/vv7CWB5pRgAl2hiCGRaHYRzGKZMw+dZCCNHpdEwirZPP5xXEQRBMT89MTU39n3/7d5VKpbd/8K1vfetV172BUhow6HneL//yLzuO8+KRvxHC7HSFkO0VkiRxSVq7aDoJK8CZSBNLXQXWrFmzadOmNFcyHaEU4oK6F0n3QVyo3qbGzUDN9QxgbEOGgXRoWzLZ11NYsxpMHYdChBRCx0YYG1pmUgHV6XRcy1UAe8QmyAmiAAHP6GUh55zoMUnLcvWMMEYpBoIrzlu1KmMKiOTA/j2TY6duvenaX/nYz7/xTW+qz0xOTU3d+cabJiYmju17zvd9KZDgUT2Obdsul8udTqfdbruez2DDEL9YaG43v28gJFhKyaTpgy30OrOUXkON2cDUbfuay0VarNpW1vItmWiUhgI0Go19L7z4/e9/f/fu3TMz1YuGut599z033/ZGz/NCIQhFRT8bhiEBfHTdcM6Dcay4CiKmLEWiqBmCCkXQwwBTwATVzNZkxEEMLrm0f3htPgiqCiSuRwjzFvnWAixVvtEFaCilozQWQilNkiSbzV522eDu8dZcrUm04Wal+ZVRzDCADnVzuVwwWzU2vB/HsclukcqEIzEmaW6YSWgGq1evnp4YFxKMrFl16623ToydfvDBB+MErF7d2b9/f6VSuWL7tpGREaBYLpejOddkms1ks1mhmFLKNvvst1oty7LYMhbF/C52JusoDTabwjWtCGjJZHbeg1iLQ5boZc4F2L9//6OPPrpr167DR6cRApdcsuGNb3zjL77nZ/SYCTU1p6Ddbicism2bunDt2rXd3d2nT09DBAlScRwjiLoKOc55oNqdDki4Xv0u0NwonwPbtm2DMInjGOJYa4OEyCRZZmPGJTR0NiykqSfdW4oano6BAAiJOIlNonmYyUQ7d47+1Ze/k8+ArEPm5pIoSrpLuNDf09PTMzg4IqV88Nvfb7Ubju0hJTgzm9oCmfo3O50OZzHjsrtUuOn66/bv2xtF0XvvefdHPvKR2ZnpL3/5yy++sO9rX/va7+7Zs3Xrhm+tHlq/fv21V1++ceNGG0PGeKbQnykWAU/q9XqtxQnJ4qxbiwWm7nynjrOgHzoKzUbHlqMxZc4B3NIUhWAiBFAYKywiUKnMHT12amxs7J//6avVanWuUXcc56Ltl95444233HLL1q1bJ47v7+npRwjNzc1JhHtWbVAAzszMAEK7+vo3bFg3MTENMCyXi41GZ9u2rXfdfEmr1apUq7Ozs5VZWa1Wa9VmJ25vu9i69LJV9eApgRkHgCVJHikpzqGRJfQEL6TLpZIjNQhcFwkhfNfetGmT739/69atfeXyrl27Oo3mjTfeuPOaG9avX4+QMzk5uefAsQOHD6a5YZppYioB9jyvXC5jjOs1rel2d3fv2LHjoQe/vmPHjtHR0YceekiwZHh4uFjIJUmy6/HvjY2NHXzxSC73+L/805fWr19/8w07V61aZSFQrVYti2Sz2ZhpQ21gYCCXy+FllNVUOsaJXrPt1my9Xm/X4iiKhG05jkMtLQ5PnRrbvXv3s8/tPXmy7joAIeDnvE2bNt1www3bt2+fnZ194IEH+grWc889lzoqE6kajQaASHOLWBUKhUwmIyUII5HJyCBILrrooptvvtno8UQIMTXN9u3b9+TjTx84cOCyy0Y3bdo0V388k8kQ4WoDw2zyfEGnAuRn3mF0a5Mjl3JGYdrSkTCJIiunpVzCikKIOBjOZrOf/qNdf/In//zbv/G+Tqezqrv3xhtvHB5eN3H6NITuk08++Vu//xdxHJ+qtFzXrQZJNpPdunX90aNH5+bmNM8xaXQWRVplj2KlAEHAcagRCTzdoTqKValUgko0Gg0oFaWaPlKPbRwD34eU0kotWTWYHxgYGBoa+sDP3n7dddfNjZ+mlFpS6ylCaRYnHX98fLxrYO2v//qvV2vter1++MUTcQw6AJTLtDrLMhlYbyqEACUwihWAwLZxEAkMQbGcabfbYQQKecpjZsJuWvIrBFITUwjguFpFajUTxgDVIhl3OuyTn/wf3v/m0ZmZmUKmp7u7W6mibduT1enHHnsM+kdWrVp14y1kZmZGdQ739PS0Jmq+7yO8VNs+j2vhpTS0ZIsTJYSlbcy2EMJxrUqlUsj6mJCrr756fHx8ZGTkqquu6iuW56rVidOnc7nc3Fxw1VVXrV79b48+9oztuK2gQ4l33333BcGclLK/v79UKjmUDAwM+L5//Phxx7YwxhZJ9y220rJZTWeNMEkSz7Hy+Xy7UT106BCLOoODg2VT29bpdOI4npqZHh8ff+rpAy++eGCwpNauXZs36iWImH6VShth2BoeHv7DP/vrxx9//N333PvYY49t3bo5l8v1rl3NGFMSWZZ17MSZIAh8L7dt27ZqrZ5WynHOm+2GqXlKgiBAevVEtk17enqyhUxa8C2lPHHydKvV2r/vGISavNrtNkJay3AcJ9041DyO1ozWrl27atWq07Pf0mN+6qmRkZFsNlur1UrFopnnC9DQy+IcACDDAQWABOhFLBUKE4hohnp9Rw8enJls/o+/9tHRNcPI90G1liWJTZgPowCElclK1pIZAhIqKablodUESyjYX/3Zn3h+Zu/evT09PWvWrEmLvw4dOmR0bm8x+SvdeGpw9VZT3h4JIZDkzWbz+LFDJ0+evOstb964cWOSJGn91Pe///3f/4P/MjEx8fDDj77jHe/pWj8opYziBFMrdRqHLRFF8YFDE9fdcGeQ0J962z3vfOc7pTHlMpmM7fiHDh06fuxMoVAIIqk1bAmbzabrO41G48zYKV+DXavVkOVSSj3XNp84Wr9QQko5NDRQqVT+/E//4vOf/2K12rIs1FMutRutkwcPE0IKOepRAnijPdvExYzb37+u+/JS1+rd+8ePn0KXjo4gEbabUxmt2b+ERF5OT+fKIbiYcg9RGATU15bEbK3VMzDQmKru27evt3fH5ksvBWEwe+YMrzW6u7unp6cPHjxYb7EXXnhhcnKSc9DpxMVitlwuP/3007/zP39qdHR07779J0+enJ6efuqpp+bm5kZGRmZnZ7WEy2TT3fAwxqGpqnn4208XCgXbjGvDyPCOHTu2bhk9depUrTq9qIkVe3t37ty55itffm733ly3FpmU0tTMSv0XruvaVoFSWjewaesl73//+7HvA87DOEw9Dp7n+b4/NTVVqbZs22aJ5qvUJkaIiiRJpqcDQkg7mjO6X9pnMSGEdJeLXV1dPT1dq1evvvXWWx988MFqtZkOYHx8/DvfOaPtYuyNjIxccvEVvb29jDE0PW0PoOLAwA5vx5NPPnniRGPDhg1BezJst+1luiyf3UtyvrHLvDXODSWlzmQECY6kcCxHwhxAxUefPOTn17zxLW8R7TZOkq5SeWq6+v9845svPPt8HMdhjHoKhc3r1p0+OikpqVVb7NiJDRs2nDx+9JvfeLBQ6lozvHpicgoAMLx2XTsI1m7cDCG0Ha9Wq2ULxaGhobHxifHx8TXFbLPZhAhQSg8fPTYxNb1926bR0dGuQhZD1G5pgEqVi8XNG0cdgopdRct1mIwhUW4GQ8IEl7Zt15OYWNTL5f/1a4/c/b5fwI4/dvqkbdtuNu+6bm2uVW8GtUY4MTXnOLkkkWHIqeVbjtXf33/xJVtmZmaeeebJNWvW2E5mdnY26DQQQlHQnJubmwiDJIr3PP30pk2bBrq6Brq6MGNhGAZJXPI9kMQYwrhTP7hn9/SZY6tWrdpw5eUbtm8H0mtM1fJDO9dv6Hrx2fttF48MralNTNjOefS3pfS0rC6nzZpstt6e5pzncrnTJ04cP37ivvvum/86n58+dOi73/3ukSNHCFcjIyOdEKxatSrbzyYmJiYj9MKBo5VKZePGjaOjo1LKerPdaDQymczatWuHhtdoA5/anucxLp977rlSqXTJJZcgTI4fP46gK6XM5HL5fL5Z0/bW1NQU53zHZZektaVGfZImFy6LMU4LMTodQil1KTVxWG2KdSKRJlZ0l51qtdpuNoeGhqSUrTBut9vHjh07fvx4EsNMJtPXN1SpVOb7VcB5D2QQBJTSdevWDa0aYYw1G9Vmswmk1gxPnzp+7Nix/v7+4eHhdSNrTW5eCCHIutaqVas2DRCEUM6GYRgeOXpw165dE0E7DMOL33Cz4zidubk1GzaI9ujBgwd73Uwul1vOL7fcfqxnd2riSmLBAbIloAK4+148MbLhcqt/tDFWz3d3T+zb9/DDDzfHpq66bEfe8TDGs7PBzNiUsoqXbLmYTLbGTk1ARTHA60bWZDz3ke99P+M5P333PYjSM2fGent7O4lyHCeM4kSCk+PT+SMnjp6aqDZDP2CZTMZzbSlYT1dxzZo1SETPP/983gH5fL6rq2R6S0gIEsgDEbNWhykoEFUCJAokhCKAEwlBodxl2/axE0drjQg7KNNbHDuuJUSxNPToo49WKnODg0Pd3asPHToUBElv7+CxEydbrTZE8uTJ0/ZTu7Q6AKDrZwBnxWymmPM6nQ4BXHMwpKJmc/PGdRdtWOf4GdZpYQ4sC/SW8i6UFvbGxsZiX46MjAwNXKlXQ631tX/7lyQzcMXVV3fqxEuK6zbvPHp07sChFy6/4gq5NPMj9S+8tGviK/kUGo2GnfcopTOV1tTU1Lv+w41JpZIvdAPGnnnmGaXUFVdcsX79+qDWsG3b91kcx5adW7t27TQbj+O4I5J8Ph+G4YaNG9tB+OSTTz788MPXXXfdqtWr9TBMNDCTcbPZ7NSJ0/v375+t1jTm5ubS8hot1IFdKpWGBrrz+fy+55/etm2bbdtBEHDOM5kMxhgjgDEqlUqlcr7damHFiO8XsY0JOTVT6+npueiii154cQyZmkdKaXd39+EjJxoNLQaGh4fL5aEkSQ4fOpUkSWSgr79bSjk5OWnbdj6fxxhnMhktnyycLRQaMxPPPPPM5Ngpy7K2bdtmOU51cpIx5vu03WbZbLarq6vdrvu+v3p1sbu7m/NaV1dXfoQ6jvPggw/29PSsXr+m0WhkSbR27drG+P52q+VdqIqCpA3HoMqkbbb0Z6gFAHAgtH0k4wxWVvVIrQy7s5KDkANkHXjyybySGzdv6vYKUaNtx5II5oRtO2hBBqkQOcipED6y6tOT0hH1eG7L5Vvcovv4Y0995V++dO01N27YuFFGXFstHK/pG25MtWCoNg+ua7fbE1x1dXV5LoEQDvYVc+U8sGSpv3hN6bqpqakDJ4/19va6uay0rBqTMUUt1Lv7eOuZF8eklOVsttOpcukghPzyAOxaM9GgHUCZpFxZpWJxYnx8bOb41Tdc1lXuN11gZO9geWa2Njs7u2nTpjT6NzAwMDtbOXHixIaNI6sHhxLZyXf7SNqzE9Vnnnrq1KlToxf13HTTTUHCa80Zy+t1CqsmJ/diiDFsYNjweaiAgjHHTDpWt0pUETvXjV7dY588/cgjq91r8lICW6zKdh+p5Xta5UxPSjHcBMZDU0+SpFn4KVldIMZntl2WURQVi8W0ZFXNzXHO095PaYozTiNJS8oBEEJwIRSfRjZbrVYapmu1WkeOHOGcb950cZIw28EbN25oNjr79+8XQg0PDxf7uyYmJqanq0NDQxoZrgsA8zzPosjkhMo0o3o+BVCpmZmZz372s2MnDsYxYyahz3Ft/XxWdnR09MDBQxjhNEbFOXdd99JLL83lcmTBFZHNZlOpU6/Xu7q6kiR5/vnnMUaXX375RVs2KgUsajWajbGjx44cOTIzedrzPMdxZmZm/HwxLaI0HXpgWuG7mP+2WB60mPrR39/fbDbjZtOyLEilZVnZbHZ6enp1N1y4Yj4fa0ECnaNtpxxQnY3Yp9EWbUtz2Wy2h4eHOddqcadRpxjlMlmL0LSVhQ31TRjnCgCJpAIKEdPbBAiIgYwCYllKyHLWWbeq9/Dhwwf3PjNx8vDkqRMDAwMDfcO5QuHK7esLvjp27MT02EHb9zyYjKzrv/jiLYVyXoatRrWCEMpkvIyNpEREMR5ziACRDDLl2uKF5/ZZAPSUYVvLNsBk3AoBENW9Tz/u5/1ct8+jjoiDpNPxLEti3qlPY+RoM9kSvk+3b1nTU7T273uRwBaAyUC3XSzlVvU7WNVrlWqzVanVakdeOHP8+HHfwRvWbO3tyvC4gaXvYIUFsyCnQFlAFFzLBgICKqWQQk+pQkBopYYhiPJ5n/OobaKOIJEYk/7u1SdPnlTzO+zPb4JoSsE5hFAumLIXpiHOebvd7u3tTashlFJ6XWsmBIVgizn8S0vLtKqGTHKR+cqkKcNSqeS5Wg07eWLc9/2ZmRkp5Qv7Dtdqtf7+we7u7kKhEMcxtq3e3t5Vq3p83w/rddNeSKVNQlLq5JwnTGsZacOCbNYtlWhf0aeUNvypcrkcMb2iT041qtVWo9FhjFFKHc9jgV70CkohhEW15ladndVWqFPI5XKbN2+uVCppVhAm4PTp03v3zZmIRph2XxkZGekp57Zs2dIz7AKEOo3Q+LFUmoSdSqzFWFqqbc7TkJmTNIZrqupJKwwppT09PUeOHFFmL8ml7f3AS3PiyUt9QWgRbZrmNLMiekYS7vvZ0PAQk70GhQJSCGWyIyDCQkouhYLzvepth1o2AJGEUBZcGyMQRPp5urL+xaPrNw6v1hpBO8oXClLoFUDpvPzPd3d36nVjlsqoOSNZkLWoRanJzzbNnUw0REBAELQIphi4Mv7Vj33srjtvcBzHxrHl+6dPjzmOMxegqamp3/3Dv37iib1ICREFQELbcgFqIQJNC2UZiYB1YktxxIPuAuktDUqVaPxZ+KJNfQBry7YTdyilFs9FURRHbSGS2tSstpFNTJazhEiBAXAwLPse4QwCS0kpFAAIA6wUkgLEENEgiolFmEggBoBhJZHvFeMgrfSCKt3Eft4qNaxSpeF9+Yo0ZIL8KVmkBJTWFSVJwvTsQ2J6RSGIFstaU4oxiQAUxgwstBROw/7KROazWUwymQwgcRRxLtNdJBhjQgjW6fi+bzJPjKhzieI8jsMkSfxsxjgMoCGd/5e5N42R67ryw++9b99qr+qu6o3N7ma3KFIi1ZQpWRutkWf+1t+YZCYDOIvGETAJBrERY6DBIJ8C+8MARoz4W5BxxkAQAw4Qx/BgHDletIuiJEomRYnNJiWSvZC91b69qrfdd+8N3n3VzRbZLVoeIc5D4aG6q/r1e/fcc+455/7O79BB4TUBpVLp1KlT+eHC2uoqoj2l2/U8L5fL2RgfOXIkmUxCGLnpAkdGuI7DkIMxpgQqihJHVAAIfO8nWlEYn+wxp5EULSuCqqqc+oKohqFqEvZ9KDNR02Id2iZMBnEFEtveUdutQ7EGxGSWYYj5DIguTanb7/chTN1puG7BBAG8TUK3ViOePolpz6Px7ff7uoYGARSlkBFREAXAURMx7hkyhkDIiAihooiKIiKIIQg9N5RlZBhWjLCNuRu76+uZTIYyjIQYjwlTpQwgpN9qiZLOWEDD0A9drpMsNiAACBgHBJLolqBIKAyjF6hubNQ2N1OqnzS0hCWFQYAkiZF2NptTVSTJIMCga/fCkEDREBUNMCKJIPBDHDBVlzisrsvTTqjX92RZNNJJAHy32yUUK7rpY9/zHNdj0bolCQxy4lMfM0FmghwSwDibjixppm7yPdJIcUIKKIgsKoOUwpAhCBiQFBlTQGioKJEKe34oISmmTd8uA0csJkHZBS39JJxCDLDaSZqZBopTtqIoUgIlSUJEoHxZ3HHktqlxYqxM9KMsyzta6LpuNJ05eDrGEaiWBSitlctxdYMkSY7jyLIsKQrGWEBIlGXAmOe6iqpzWtDBxQVOQi6KIJvNNhoNiuuTk5O6gtzom0pkkbBTq9UwxnxrFIiyDGEU8cgSVTSNURgz78dko4lkMvC9RCIRhkGnVkNCqOs6gMzudFTT0HUdirxXLscXBCy6EJLMnXJUBKLRiL3W2/pB7HhokRkwDFmUd/oPEEIsy7qzmnW79cq20vCSl8Erxh/H9SvR00d+dl831Ji3RhCJ53clSQCAxlyRgiwBARHGFE2TdQ0zKosI0LDXaYyVCmrkbgUBEYGgd/sBknTVSHX7AQ1CisQQACYIruO4nmemk0YqETBCEBAUhUAYguihmSBhwjAFgqIxQaFIhqLmYSDrlu34IYCYATfwGYIUUgIIQNDHQWxhEikLIGYkkh4GSNUDCoggU1Fh0PA8RKEORcvzGAGKrCW9AHgY+CFkgiSqOpKtECiYChTKIRL6OPQIEzUDKroTMh8IajLjYCboiU4/aPd8JCgBZsXSqKLqfhAIoigpsiCJDELX910cSJqqm5rd7yYzlu10kMoY9NqtsmmI+1V53uYa7L0IUUJiXJllWZubm4gX7oicG01RlHgXJIzWCT8uSYiHRlXVdDqdyWREETT4ZrCZSAiC0Gq1YmZHx3HgNo/HnUewz9HpdOI9pG632+/3Y5pixoCmaclkstlsuq4bYxBjb2pjY2N4eLjdbpsmuHDhgqxpcTNhss8RQ/h43W4YswHHwVzAkxEARM/SaDTiFSUIBi3lhoaGdF3vEW9iYqJarTqOo2la/Iztdpsxls1mNU1rt9sxzRZPvhiubUuK0m63fxMY7E5e7g5RQUYZERVIfT8/ZF25cgWQjigHxHdkTZaD0LZtQAJFUVTTiBOaqqraQeR1C4KgCJB44ObS5q9+9cLo6JiRykj9vpxIoG7XcXqpVGo7+0R3/0d+3sWduwsHY8gqwBiI8mjCAhBePHfu/Qu/ZhQQEKSy1tpql1OwMwRgGDJZVIatYUSEVr2BGPjg/XNnz7x24MDBXC4ngr3T/QT7HICmA0UBiIEgUmnOk9mXVRXoKcalAqNPu77n5ayE13d+8pNfeJ5nIsHQ5aSpUUq3yjeHhoaGRgq6rnb63FeToKzo5UZtfHwcCQQJhEEXiGircvmee+6J+ZkH47BXH5NP8uXiqss418sYW1tdHRkZQYEqhmG73V5dXTXU1NTUlKEa7XZ7gFElPGOhapZl5fN6o+F85zvfqdVq09NTiUSiWCzy2YoSiUSjWfsECcEBA/4tCSEk2raNRNkwDNtxXnrppbNnz8pyNCtTqVTMexn7mQQiy7KILJfL5dnZ2fPnr1cqle9973tPPfX7IyMjyr7YGsrre3ivbjgw49Faq5AgCKhv7MQ6QIkipMBnW1tb3//+D9fW1lI80Ik5F1OWRQhxXTebzWaHMhjjzerm+vq6YurJZJLS6Gpm1mzXakEQlEolAJb2HXwQ+3IM7Zqt6NaoUSwIIAx6oiwnUtJwKfnh1QtjkwXmBYqh5IvD9XZrbWVzs1IuZgupVIq4HoNAFQXOd08NSUrrWq3iuE3nB9//G9elO7v9qgpsByTiWqs7xivkwYBAb90N4u8xBroOoYCaTR5sIOCR6CKPff6BlCUpkEgMQ0yVaBChTEC91kxK6jN//EdnXvjVza3u3/33v3/z5f9VrdLUPghIWUaeRwOeaeapLiCKkTpRFP0vCXDKGF4nHECHUoADEPkgtujjMJc27psZt0SSz1mBjcOw3+r6bDN0NnC5XG7Yka/4///h0yEFEBFZQSxorK4ujE+aQGgCuqtX0/Zc2fUeCd987ugOEng7+81xtiyEohgELHKcYBJCuLJSHyoUBBLdq5nKFXI538VXr169sbzSbDYhZ85CSFQUBaompbTe7dfKVSOtcOgaMwxVEIhhSCMjRVVmGAe8DO32V2SnOL4NxnxhPJsLIVCUaOmS5Mg31HRUKKRm58aeeOKRP/2nf5RIJFauXh4eHtYVQdM0CAUcBIKaVFU1kStG8paopgHX60sSQ/vwyxHCZBkauqJpoqqKPGVBMQZIBKYp0FCqNvo9JzB0SdbDIACGIUqSgPvs3rm5E4dn8/l81uIlrowXGwmg3W5/tHy91Wodumfu6aefLo2NNOr1RFISJGnt5gflcvn4/Ixt25qyS0Ix5ejgvM8u+C05smi4kRBS6iKEM1mzMJS8fOXCo/MHu90u7YfJZPLhRx/JDw9d+vWF1dXVxcVFCGGAaeQLWzkIoSaJigCe/eo/e/jhh9PpdOwFuK6r6cogdbTXrPE4kDnuihxrksCzvLIolctlg9sKH3tRrCfC0dHRYkZZXl5OW7KpQomEgIQSgcT1FJl6va4gsK/+yR9/+UtPxvQ3Q0NDnY59x7Nyzs+QcXZYwDO8yDAMCKIYQ4v8Ybh1kwMrIJiZmRkaj2JnStDS0tIP/tP/eOihh0y/U167Jnbtdrut6kO9Xg+zaHyKkwdmZmYmZ+/J5IoAEk0zcNjv9/vN9lZxJCOpgeS7Mc53D+0ZFIHfLbctSRzXKkRvRkdHT58+fbC4mc1mZTnheR6kdObQoZnRA/V6ffXqtXa7vbxys16vx8VvyWQyldJs2x4bG0un047jxMnjAHuqqn68svzWnVFZ2FNCmqIODw/LitTv9ykg+XzeD/0at+abm9EtpdNpYndC10VQidkQTNNkVHRdd2pqKhcdqUqlkk5n95QQBEIQBDdu3Lx+/TpC4uzs7IGJg5Hv49ZUVR0bTh47dozxaAyjyDFTZCMIgvn5+VQqVftwNZfLud1qLpdj0Jienh6ZGC0Wi5lSUeOZrVa9ThHOFgqdVm1tbQ1CODU11W1dTuRywLlzxnzsgHTt2b0/2HaIB/0OCPF9PwiCX/5i6/jx41MH5gkhXidyu0VB831fTyqh64bYvnbtWuxW2l33r//6P+Tzo9/+9rftXmd0dFTU9X69DiBVoqAH8AobfuaY0fi9RvxdcrvlKXiBH0WyPEXk+TiuNFZVtbpeWVxcvO++e4cOHuzX1+IVRRAED/t8aRd5CUS0koeY8TohC9zuNdEYuHn27FlKwdzc3KVLlxBChw8fnpiYaNtBZLUIjSPTMAwFBni0zl599VURSZcvXx4plY4cOYIDTnqaM3O5XNJKYIxdp4sQUpUwit8tu7K6ulV5R5KkkQmaSqcBjCIEDd5lC0/45nPH9pbQNuY0zlfGQRSfm1a5XG42nGw2ayVH+t2ubTu6rju9diQYGfm+H5fI6JpZLm8sLFx/9NFHhoYLhBAUhlHsrauB70MB7Wx3xDWL8XtpF4CM7XIkEG9jFofcvGW5GGek6pXa0tLS6uqyBIBuKKZpCprSbjQ0XeOFO4zzSgKeYdMNw8DhnStz9H51dXVtbe3RRx8bGRmZPXJk5fr1aJHQNE2PrEU2X2CE9OxetlBQBLFSqQSup2maZVoLCwvHjh2zLCuTySqKki7mFUWhPKISRSRJEgndbrfbrC1Xq1VR6o+MjKSz0SjhsKvpOgjvgjoVvvncA9tkOjsvFksIbitT3BkJISQgNDFzyPMaKyvXtipLqiIWRhOGJXl+HQrEC2xeRs48T261HRyYABiNVjWRTBWGhiRJVlTZxwEDoaRIlGEAKUNk+0wYZABSgSPhBwwFMYEcT/oOAmSeNRYEJIiIs7OTQr7kuN7C4sLG1lbH7jiun0mlRUnhWSVBEGVBlCAUCKE4pH4QQDFutvRxHgMIXnv99Sd/78l0Ju0HXqfdPHrfkTNn3uo7zuHDBwhxcOCIEoAA4oCvHBBtbFY0w1xeWd0sl++//z4ooL5rO14/mQsp7QZhg7KuoriyEjDQwGHr+tLZZFIsjcqGKTDQRojKEmYEQybty47LX8K3/vKBOzMOA6nsZiaNNy0Qqte8yenpA2OHqtXq++99VCmXRRB5WIlEkqMSY2b1yOWyzGyhUGi2qp7nTUyMRxZG4RUHiPH+PeCWDsXKwc/iHhQDcCeXtcOaxtfq6DfYJyMjI4mkVa1W33n3LY6xpgcOHEAc4SbwtjRw0GZJgPvzRTUajVarVSgUKKW6rn/44YeVctV1XYjY2MREqxkFfIlUrlGr+S4Ow1AW5Uaj8fZbbx8+fHh8bHRoaKjXs03TlA1mGIaeSqqS1LM7a2tr164tXrt2bWQkPTo6msjJYRB4fiOyARINMRbAXUpiIVv/s320K3L+434Et+iwIjMkB55HsMIrRujGxkaj7mCMTTOfTqexl4o8Pb+oqmqjgmzbfvWNH09OTj77L59ptVqqAmdnZ4GKqmtrVkLn/cLojp8wsHJEuA2/zLgwB3xHu5oyxXdlKClBFDH21tfXPa/PvdBgbGws3hqIqXMRlDnwWJMkyXFbt8l+exYKP/zhDw8fPnz8+PGP+DE3N4cQ+uD917/85S9nMqVer6fKuTAMK1vdcrl88OD0888/v3j5/dnZ2TDsTk1NSXK0NGbzTcaY6/U6nU7gd1RVzee1VCpVGuF7ExylTcIuxlgQQ0lRAL6LsyZ86y/n99avHZLunWxrvF0IIcZYlgwlm02khxO6bhipTCZj226v16tXHVEUvb703nvv/bf/+uMzZ840WjXP601NTWaz2RB7lFIRUtM0Cb2FntzdsFq4k0xyBznGU9rw4/22280u9+BVQRBSqUQ+nxcEyLPUYYwd0DRN5RSlQYB5Qg/sKSHDSmTS6Q8//LBarV6/fv2xxx4bHx83TTPEvcuXL4+PH9R1vVbt8AqOvq7r165df+WVV2Znp19++eW33rrImHvw4LjruhubC91ulwGaTCbHRocPHDhQKuVS2SwEvMUDdXlROBUVRUA0itvu5imIe9Brxn4OHWzFwm2vLv6w32+oqkpox97cAkhJpVNWMQkImTlxIOh06nWlWCz22iUPdTs/esHu0y89duLSpUv/8yc/e+aZZzJJtVbv9nq96ZkZEIT8X4U8wQ5uadIeN0l3qk0I30jc5ieLjuFDs16z2fMcJoiCJCJRNhO5votV1Yi0hwEx+r3CIn1ybvXMGhy33rs9N5vJz8/Pv/DCC6dOPa5piuc5zWazWBg6/+6v3z17fn5+3nVwp10lVBJF4Zcv/7JpN5/80kMvnv5pIIGHfm/mC08fcl3XMNIA4zDsc9guBqBPWM/3CSV9LYqxQt9xGBNEVQWhGdptUb9LnaTwrefm75DQYLcU7oT1Ax4K7r3yeAUhSVVVQVR83/f6LsG4Xm7wmaszxkQ0JEnShXPXK5XmX/3V15eWlt6/cCWbTWQzCY538LudjmkZt2bDYDUCt3Wj3L4fsFPFF2AcF9jGEvJ9f+G9BV6xLeQLBRJi27aT6ZQoCJ1Ou1qtrq6srK2ttVvtmE9B13VKgz0lxEmDpcJQnjH2wQfvl0ol27Y9z3vv3FuqqlaqbY43MjkmUH/ttddefPlF0zT/xZ/+yenTp+vN3l/8xTOGEd2hEDZDjAnFLCYsAEAQqShJkgQD32cEyxx67vV6LMCKYdyVNEPcIzXGtWrAz7XDRbizY0GVAd0MAwKkgoQI776SHZICWjZTw65bl9X09D3a5Ky88BFQDPHP/vzZP/9X//6nz/8dYH0ogOF8pt1uI+5OpNNJNZUCJOx1u4xB0zQdpxnvv2+XObKAb5DLoiQiKPKy+ksXL54/f36rUhFFUVQS0dPz8UilUul0um/31tfX4woFWZYNw4h5X9KZZC6XO/Hg/fF04LooDyp+o29KfOVAh+dmO+3aO2ffLJbyV69ezWjm3L1ztkNef+W1kw9/sVgsvvH2W7944WdrW8HXvvFFI+1W2+VTXwS5ohfQdQx9HRERAQT4PEAx1gBzCmbMqYZlEDLAZJXvu/P8yV2IbD4zkpF4NAkhmqYFXqBp2hNPPPHSS4thGM7Pzz/++PSZM9fX1tZyuVy3lT5x4kSn1aSUVqu+2GxKqqIoCuTZ62TS5ClqHO/QxJXcvI4+iKyWCCVJKhaLJ0+eDPmWRzo3EuluECwvL6+srARBkM1mx8bGUgkzlUoNDw9rpul2u9VqlVCs6/ruranYfsZeYqvVSqfTkioCxubn50+fPn3+/PnJycmRTL5erwNBLxaLy8vLi4uLr75x5vLl5uzhKKT1PG94WD56dJrDE4Asy4C4n9WQxsdtuO1BKwlwO4b4Vs4bwl051rgnKa8mRzCAAgtIU5Z1x17VtMRTf3Dwb/4WbDU+eGrm80//o/l33rueL6Lxg8bl988RWj80OS0JCqQyxVDVZMsyAAW9djtwaFzGHjv3AkIS72rm+J4oCNzowkwqmUpYkW+m62HIREkCCfNYPnvs+AMU47iiGEDWbbftVge7vmGqY6OlMHAIISKD2y4qAxTzHSAGGC1kEr7vVGpVQkhpcvjovRNbG5d1hcgyDsOAQNZs3bhyffXIkSOi1gISePjxg7NHUq3ORzOz1oMPjjK2SVldkqRtkvldu19xly6m7BrJXWe0D2XHLgl9NkecH4pMbxAwpnieZ+XGjh1LRqrA2IMPPjg396NUKnXq1KluvXn9+vXQjXziXHYYY1yvLSnr60NDxXQ6zQQaWa1tr5rwbBNvp8diFhy6HQDw/mKuRwBHxMmmaUqCHAQBpJGeSWrkYWPfcxzHcW1Jkkxd1iyL+APCsNtiQNu243YxOAjsZpP3fTy0vr6OQmrbdqXR6Xa7x48f/+pXv9rott5999yjjz6K+A7p0aNHS6XSDn3DfuOzs99z2/mu3E3ifrqy7wFjmUuDPwcAUTWypmFPVSURhoHrWrqCcZ/2V3//qfvVFGHBufGp8JFT+Zubp6H09JNfnN7aMl7++SvlyvlCZmx6enpsZBIh1OuuNarX0tmJnaJJxpuQChQIANEQI8ggo4Axgac4QhJi3w8IOXfu3MWLlzHGuVRe13XAUSI3VpdlWS4N5++7776jRw6Z2Sxz7NbWRjqb4AYJ7Lg/DBAGmJKS++12o7rh+36tcTOdTt8zV9hYv3hh4Z1CoTBUzH3xDx4sHphE2uZG9dwDJ8H9DxT69pWE5R89MqwKkV8gCYCxkKLg1kgO6LTv2Hsb+EexN3t3X+5zYK881bY8bv89HBCwxvF5THQZmZUgdCVJAgzy7GQaRn55FO2rpsVLFRKZVGr52tLo6GhxqJQbGnpw/iQE4MbK+tLSUrlc6/f7qmpEq5Ttx2FmyAED0VwQJYlDeMXtYAgJSNo+9ESiUCiUSqOCIKwsrS4sLFTKFYyxZZlHjhx57NHPz87OiiKMfCdKDMOglPdRpXGLF8D9Q9/3/fWbK57ntdo1zjrlbWxsrN6IVp252clHHnnkyNH7i5OTCKIbq6vvfXDu1KkH50/cX6/XE1Z0awTb3M6HvGxmt5agnfdwe+BuP+9PGb4NTl/7+i557MYOMLBXDhjwzipx4xwwsK08N0x6khS3dmeQ6UIUt0LVNBv4ZiQh1TAs6/yZd5PJ5Gh2nBAiEV02TUD0zdXVC+8u3rhxQ1WisT5w8HFVVePGzQN5iJEnZvB6yh2kIGfWjc4u4kluMXIBfBc7jsPBqVARBUVRRIm7AaEb3RgNeP1+L2b3jx0EjHEQeJzqPJphldryzZs3K7Vlz/OmZyZOnDgxPqMC0+ysb3meZ2SyZiJx+o0zmqbdd9+9juOoMt/0h0EQBIgFkR0WuafAeBzKm1AwIN2ycoPdOX9Hh1B416zPZyQhBr2YTEpWlGbNSaVSgOpBEGCrJ8tybauaz+cRhu12O58oEowFYEUePFZ5nsKk/f6lhasLCwurN2k2my2VSoVCwbKsaJRlSRRFHJK4BcpOsTUB0cqHZcQDD0gplQRFlmUEpDAMvX6P6xxv40s8PpP5HEdhLKE4J8QXs77v+9eXFqvVqmbQoaGhYw/MTE1N4dBR0+l29byqqlCMrtzDoSRJbbtnmiYhQTKd7ja3AACJjBG0WhQ7qmFQ1v2MJUQ3/nzvD/btG7H32rYfISQR8c4dQ852gniPIsZ8Hp/GfXf48/BP1za89fX15Wv1SqWC3YRhGMO5iWw2axgG53ANNU2DACSTyQ+vfMQZlpOe54kAKopC3WhVR0y1LEsQlXa7beY03/dDvSuKYrm5nEql2tUmr6rs27bdaVVt26awJUnSkWMjhUKhOJ5Ip9MAQYJxyAcTcZ3Y3VI4vue4pza8o+Et3CPk/qRjv5bCt7h4/1+TENDHgOe5PclxnHqZra+v17a6cflR5JthL5IWB+zlc4VIq4QExjj0In9PF/TI0gaC7/u9vpfP513WcxzHhhVCyMrGomVZbqcfI2cTiUQ+mxgeHh4ZNzOFAsabCCEg9fkSiDnbl8I5Q+zftYTW/80nf+OOD/a+4n6OZiiEO7KJN933l1BkM7ueKwiCpBiyqgJBoNylxhjHQMZ61fV9/6MrNYSQ11dbrZbopGVZFnlnQIlFZpCFkSOuahbGuOm1TdPc6qwWCoX/7x9/od1uP3A0GePlFVUFiP9Z2GWMySkBUArCPiOEssgSIr4/G0r4DgnxR+EZxT0k9Cl7yFG2dzy0q1r/d9SV7uOdIwbFZ9ymZ2gQ+Jj0eUMgzg2qQ4RM08QY3zOXB4Yxf7yfzmT+9j//iFJ6+N4HeRUG9838yE/joAqJsshTqDvNQqHgC8fefPNNy7JOnDwZdC/F0L5Buy9BkCCvIG+1opkhEl5UJ8a81neNb/7hnS/uOv6/RcT66e5pt7t+p+cfNwxBg7ghOve6FCEZSr6IRCA5mJAeaWEPm8lsu93uBQxiaOSPnb98eWGlZVnW0PghWZYlGGKMYeghhESe9ajWO4cOHeq4/WazKWlWu8e+/R+//93vfjebJXS75SIi3C1EIYNMlRVONkUYIYxwK4cgFMXtkoH9KH1/gwjybiP0yR9/ZjmFT6uLH/s+vKVDUcgJAIGDTmGiKMa8LTEFqiobrVYrYykvvvjiQw89NDc3d/nM5enp6QOjQwgh6vc5dkSklA6XJtbW1obGRm7cuPH2G29/5StfeXfh7JtvvnnqFOAMgLF+wJ33Az4TfjuDH3hpCdinM8O2Dg1+2vn9Z955TgT7UNDt958+rVajj2Fad10/vlqcs9pV++d5owCAgHqEEFGhqqoiiUqIUSQriEJxVNS7S+sZI3PqqS9/wzCMDy/+l40uZA2vWCxqmuk4DmREt/SNVn/ivuNvv7dw/vrm7/2TP/vcF75wsdx7/b0rf/jP/5CjtB3HcQLsccsGeEajDSGUkc/3/SIrR4FDo8Vm152zj9UA735Kfv5tNGm/mb2r1f7W1z/5G7df8VPeB437fw4aCMZPEnc/xjsSGsRVPMby6SFV04AuAkoDr1Wv12+Ul2u1Wr3dW1xcvLbUF0Vxa0372te+9qfP/Lu+bRs6eP1nP1tbvXL//ffPTY92Oh3f7WezWQCVd955Z2Wz9vjjjx+cP+a2Wlou9a+ffXZ0+GqpVDo4NV4qlTLpyJsXECWEmIYW+n7otSilquBxDJrLKA0RvcNWs51x+LjZo7+NDu2Fpt99HZHBvdV4v053Ax4gxm670H5zAfHrszvyhpST18Z1rHKiYFcqVjJNCalW/V/84u/X19uO45x99yNFUWotz3E8UTchhAdm5g9MHEqlkZV5oG4LophjInjwD75iXnr7f7/44nrPfuqpp0jgBEHw/gfXPqz1HnjsSwc/d3KtUh8ZOXzt5lp+5tGx4sO1Wu3yK0u+X06mpVEOW00kEoYS5HK5iWI+umepurW+bmrYNE0U8BwBvf15d2f3d54V7N8Zfr9jP4HuXAbS8jf2+cu9/zT2j39zCcXeOQO7c4iRDoXElRQFMOj0+7pVxI4jyamrV69+7d/+2DCALGdSqRRhiZMnT44fvLdQKBx54HPVahVIVqlU2qr02+12q41PnDgmx9zNwL548eKbb/y8Xq+PDOfCMMzlJ5588kkiGBDCTHFsfWP9V6+8eujQoZNHUoQQTNqu67Y6Gzdv3ryxfKVSqcgocF1XBm1N02YPGY899pipOZ7nSQNMwK3nHejQoFDuH9oJg92NYE7cv8hrP239tPcEb1mz+LoxKiEKMRgUlZD2cUAkzaShtHDp6qGjmeeee+7gxOeRZYFeARgGCNKh74uKNlKc7BOfUGV4PLXVqL30xk/HpjOFofFeD2eSybnPPfL8yz//wU+en5ma6HQ63/zWd1Jj0yHQbNtpeuLVtU7Dk4enjveDyOkgqCWaaDg7U5pGjzwZxbBer1Yul6tr7y0uLl5YfPfhJ77U6NdardZkPsfvmtz2RPuPz6ftjXEXCf3faih0xyEIQhiGcRI0rgoDAGxubt682Uwmk0iSIjUVBMC/EwRBvdpBIlAUpdFoQABGRkZigluEQK/X29jcQBDFHDzNZrNer09OTlYqZQhAwtJXVla73e7Y2FhMrxjn92Kww07f30ql4rpuOp2mlF671ogrD8c5BdHv9vg/AQAA//+IJov9Gqs2pQAAAABJRU5ErkJggg=="`;

exports[`loader with limit: warnings 1`] = `[]`;
